// Jest Snapshot v1, https://goo.gl/fbAQLP

exports[`app component renders the app component 1`] = `<NameTag />`;
